// Jest Snapshot v1, https://goo.gl/fbAQLP

exports[`returns "None" when the trade does not have a fee recipient 1`] = `
<a
  class="link__StyledLink-sc-1m1n17q-0 gaobOX"
  href="/relayers/unknown"
>
  Unknown
</a>
`;

exports[`returns a fee recipient link when the trade does not have a relayer but does have a fee recipient 1`] = `
<a
  class="link__StyledLink-sc-1m1n17q-0 gaobOX"
  href="/relayers/unknown"
>
  Unknown
</a>
`;

exports[`returns relayer link when trade has a relayer 1`] = `
<a
  class="link__StyledLink-sc-1m1n17q-0 gaobOX fill-relayer-link___StyledRelayerLink-sc-10d6xh4-0 eWOAxu"
  href="/relayers/google"
>
  Google
</a>
`;
