// Jest Snapshot v1, https://goo.gl/fbAQLP

exports[`should render an assortment of fills 1`] = `
<DocumentFragment>
  <div
    class="recent-fills-list__Wrapper-sc-11wan41-0 bgACHr"
  >
    <div
      class="recent-fills-item__Wrapper-sc-1yc2z6o-0 koJLeh"
    >
      <div
        class="recent-fills-item-image__Wrapper-hf0nj8-0 cAvzIX recent-fills-item___StyledRecentFillsItemImage-sc-1yc2z6o-4 bjoghe"
      >
        <div
          class="recent-fills-item-image__ImageWrapper-hf0nj8-1 recent-fills-item-image___StyledImageWrapper-hf0nj8-3 hyXhcG"
        >
          <svg
            _css2="hsl(235, 14%, 30%)"
            aria-hidden="true"
            class="icon-base__IconBase-ngmsqy-0 hvjdWy fill-assets-image___StyledTokenIcon-sc-1na7yca-2 czOLpO"
            fill="currentColor"
            focusable="false"
            height="18"
            viewBox="0 0 24 24"
            width="18"
            xmlns="http://www.w3.org/2000/svg"
          >
            <path
              d="M0 0h24v24H0z"
              fill="none"
            />
            <path
              d="M12 22C6.477 22 2 17.523 2 12S6.477 2 12 2s10 4.477 10 10-4.477 10-10 10zm0-14.243L7.757 12 12 16.243 16.243 12 12 7.757z"
            />
          </svg>
        </div>
        <div
          class="recent-fills-item-image__ImageWrapper-hf0nj8-1 recent-fills-item-image___StyledImageWrapper2-hf0nj8-2 fcpgFi"
        >
          <svg
            _css2="hsl(235, 14%, 30%)"
            aria-hidden="true"
            class="icon-base__IconBase-ngmsqy-0 hvjdWy fill-assets-image___StyledTokenIcon-sc-1na7yca-2 czOLpO"
            fill="currentColor"
            focusable="false"
            height="18"
            viewBox="0 0 24 24"
            width="18"
            xmlns="http://www.w3.org/2000/svg"
          >
            <path
              d="M0 0h24v24H0z"
              fill="none"
            />
            <path
              d="M12 22C6.477 22 2 17.523 2 12S6.477 2 12 2s10 4.477 10 10-4.477 10-10 10zm0-14.243L7.757 12 12 16.243 16.243 12 12 7.757z"
            />
          </svg>
        </div>
      </div>
      <div
        class="recent-fills-item___StyledDiv-sc-1yc2z6o-5 ljkUpL"
      >
        <h4
          class="recent-fills-item__Heading-sc-1yc2z6o-2 ksELXE"
        >
          <a
            class="link__StyledLink-sc-1m1n17q-0 diqghp"
            href="/fills/5dd96f9d250aa512ae416656"
          >
            1 CARD ⇋ 0.19 WETH
          </a>
        </h4>
        <dl
          class="recent-fills-item__Metadata-sc-1yc2z6o-1 bqxKWz"
        >
          <dt>
            Relayer
          </dt>
          <dd>
            <a
              class="link__StyledLink-sc-1m1n17q-0 diqghp"
              href="/apps/token-trove"
            >
              TokenTrove
            </a>
          </dd>
          <dt>
            Date
          </dt>
          <dd>
            18 minutes ago
          </dd>
        </dl>
      </div>
      <span
        class="recent-fills-item__FillAmount-sc-1yc2z6o-3 dbRRNV"
      >
        $29.24
      </span>
    </div>
    <div
      class="recent-fills-item__Wrapper-sc-1yc2z6o-0 txCrt"
    >
      <div
        class="recent-fills-item-image__Wrapper-hf0nj8-0 cAvzIX recent-fills-item___StyledRecentFillsItemImage-sc-1yc2z6o-4 bjoghe"
      >
        <div
          class="recent-fills-item-image__ImageWrapper-hf0nj8-1 recent-fills-item-image___StyledImageWrapper-hf0nj8-3 hyXhcG"
        >
          <svg
            _css2="hsl(235, 14%, 30%)"
            aria-hidden="true"
            class="icon-base__IconBase-ngmsqy-0 hvjdWy fill-assets-image___StyledTokenIcon-sc-1na7yca-2 czOLpO"
            fill="currentColor"
            focusable="false"
            height="18"
            viewBox="0 0 24 24"
            width="18"
            xmlns="http://www.w3.org/2000/svg"
          >
            <path
              d="M0 0h24v24H0z"
              fill="none"
            />
            <path
              d="M12 22C6.477 22 2 17.523 2 12S6.477 2 12 2s10 4.477 10 10-4.477 10-10 10zm0-14.243L7.757 12 12 16.243 16.243 12 12 7.757z"
            />
          </svg>
        </div>
        <div
          class="recent-fills-item-image__ImageWrapper-hf0nj8-1 recent-fills-item-image___StyledImageWrapper2-hf0nj8-2 fcpgFi"
        >
          <svg
            _css2="hsl(235, 14%, 30%)"
            aria-hidden="true"
            class="icon-base__IconBase-ngmsqy-0 hvjdWy fill-assets-image___StyledTokenIcon-sc-1na7yca-2 czOLpO"
            fill="currentColor"
            focusable="false"
            height="18"
            viewBox="0 0 24 24"
            width="18"
            xmlns="http://www.w3.org/2000/svg"
          >
            <path
              d="M0 0h24v24H0z"
              fill="none"
            />
            <path
              d="M12 22C6.477 22 2 17.523 2 12S6.477 2 12 2s10 4.477 10 10-4.477 10-10 10zm0-14.243L7.757 12 12 16.243 16.243 12 12 7.757z"
            />
          </svg>
        </div>
      </div>
      <div
        class="recent-fills-item___StyledDiv-sc-1yc2z6o-5 ljkUpL"
      >
        <h4
          class="recent-fills-item__Heading-sc-1yc2z6o-2 ksELXE"
        >
          <a
            class="link__StyledLink-sc-1m1n17q-0 diqghp"
            href="/fills/5dd96f6d250aa512ae40bad3"
          >
             Unknown ⇋ 0.975 WETH
          </a>
        </h4>
        <dl
          class="recent-fills-item__Metadata-sc-1yc2z6o-1 bqxKWz"
        >
          <dt>
            Relayer
          </dt>
          <dd>
            <a
              class="link__StyledLink-sc-1m1n17q-0 diqghp"
              href="/apps/token-trove"
            >
              TokenTrove
            </a>
          </dd>
          <dt>
            Date
          </dt>
          <dd>
            19 minutes ago
          </dd>
        </dl>
      </div>
      <span
        class="recent-fills-item__FillAmount-sc-1yc2z6o-3 dbRRNV"
      >
        $150.06
      </span>
    </div>
    <div
      class="recent-fills-item__Wrapper-sc-1yc2z6o-0 koJLeh"
    >
      <div
        class="recent-fills-item-image__Wrapper-hf0nj8-0 cAvzIX recent-fills-item___StyledRecentFillsItemImage-sc-1yc2z6o-4 bjoghe"
      >
        <div
          class="recent-fills-item-image__ImageWrapper-hf0nj8-1 recent-fills-item-image___StyledImageWrapper-hf0nj8-3 hyXhcG"
        >
          <svg
            _css2="hsl(235, 14%, 30%)"
            aria-hidden="true"
            class="icon-base__IconBase-ngmsqy-0 hvjdWy fill-assets-image___StyledTokenIcon-sc-1na7yca-2 czOLpO"
            fill="currentColor"
            focusable="false"
            height="18"
            viewBox="0 0 24 24"
            width="18"
            xmlns="http://www.w3.org/2000/svg"
          >
            <path
              d="M0 0h24v24H0z"
              fill="none"
            />
            <path
              d="M12 22C6.477 22 2 17.523 2 12S6.477 2 12 2s10 4.477 10 10-4.477 10-10 10zm0-14.243L7.757 12 12 16.243 16.243 12 12 7.757z"
            />
          </svg>
        </div>
        <div
          class="recent-fills-item-image__ImageWrapper-hf0nj8-1 recent-fills-item-image___StyledImageWrapper2-hf0nj8-2 fcpgFi"
        >
          <svg
            _css2="hsl(235, 14%, 30%)"
            aria-hidden="true"
            class="icon-base__IconBase-ngmsqy-0 hvjdWy fill-assets-image___StyledTokenIcon-sc-1na7yca-2 czOLpO"
            fill="currentColor"
            focusable="false"
            height="18"
            viewBox="0 0 24 24"
            width="18"
            xmlns="http://www.w3.org/2000/svg"
          >
            <path
              d="M0 0h24v24H0z"
              fill="none"
            />
            <path
              d="M12 22C6.477 22 2 17.523 2 12S6.477 2 12 2s10 4.477 10 10-4.477 10-10 10zm0-14.243L7.757 12 12 16.243 16.243 12 12 7.757z"
            />
          </svg>
        </div>
      </div>
      <div
        class="recent-fills-item___StyledDiv-sc-1yc2z6o-5 ljkUpL"
      >
        <h4
          class="recent-fills-item__Heading-sc-1yc2z6o-2 ksELXE"
        >
          <a
            class="link__StyledLink-sc-1m1n17q-0 diqghp"
            href="/fills/5dd96f3f250aa512ae3fb34a"
          >
            0.0403 WETH ⇋ 2,693 SBT
          </a>
        </h4>
        <dl
          class="recent-fills-item__Metadata-sc-1yc2z6o-1 bqxKWz"
        >
          <dt>
            Relayer
          </dt>
          <dd>
            <a
              class="link__StyledLink-sc-1m1n17q-0 diqghp"
              href="/apps/star-bit"
            >
              STAR BIT
            </a>
          </dd>
          <dt>
            Date
          </dt>
          <dd>
            20 minutes ago
          </dd>
        </dl>
      </div>
      <span
        class="recent-fills-item__FillAmount-sc-1yc2z6o-3 dbRRNV"
      >
        $6.20
      </span>
    </div>
    <div
      class="recent-fills-item__Wrapper-sc-1yc2z6o-0 txCrt"
    >
      <div
        class="recent-fills-item-image__Wrapper-hf0nj8-0 cAvzIX recent-fills-item___StyledRecentFillsItemImage-sc-1yc2z6o-4 bjoghe"
      >
        <div
          class="recent-fills-item-image__ImageWrapper-hf0nj8-1 recent-fills-item-image___StyledImageWrapper-hf0nj8-3 hyXhcG"
        >
          <svg
            _css2="hsl(235, 14%, 30%)"
            aria-hidden="true"
            class="icon-base__IconBase-ngmsqy-0 hvjdWy fill-assets-image___StyledTokenIcon-sc-1na7yca-2 czOLpO"
            fill="currentColor"
            focusable="false"
            height="18"
            viewBox="0 0 24 24"
            width="18"
            xmlns="http://www.w3.org/2000/svg"
          >
            <path
              d="M0 0h24v24H0z"
              fill="none"
            />
            <path
              d="M12 22C6.477 22 2 17.523 2 12S6.477 2 12 2s10 4.477 10 10-4.477 10-10 10zm0-14.243L7.757 12 12 16.243 16.243 12 12 7.757z"
            />
          </svg>
        </div>
        <div
          class="recent-fills-item-image__ImageWrapper-hf0nj8-1 recent-fills-item-image___StyledImageWrapper2-hf0nj8-2 fcpgFi"
        >
          <svg
            _css2="hsl(235, 14%, 30%)"
            aria-hidden="true"
            class="icon-base__IconBase-ngmsqy-0 hvjdWy fill-assets-image___StyledTokenIcon-sc-1na7yca-2 czOLpO"
            fill="currentColor"
            focusable="false"
            height="18"
            viewBox="0 0 24 24"
            width="18"
            xmlns="http://www.w3.org/2000/svg"
          >
            <path
              d="M0 0h24v24H0z"
              fill="none"
            />
            <path
              d="M12 22C6.477 22 2 17.523 2 12S6.477 2 12 2s10 4.477 10 10-4.477 10-10 10zm0-14.243L7.757 12 12 16.243 16.243 12 12 7.757z"
            />
          </svg>
        </div>
      </div>
      <div
        class="recent-fills-item___StyledDiv-sc-1yc2z6o-5 ljkUpL"
      >
        <h4
          class="recent-fills-item__Heading-sc-1yc2z6o-2 ksELXE"
        >
          <a
            class="link__StyledLink-sc-1m1n17q-0 diqghp"
            href="/fills/5dd96f3f250aa512ae3fb34d"
          >
            2,693 SBT ⇋  Unknown
          </a>
        </h4>
        <dl
          class="recent-fills-item__Metadata-sc-1yc2z6o-1 bqxKWz"
        >
          <dt>
            Relayer
          </dt>
          <dd>
            <a
              class="link__StyledLink-sc-1m1n17q-0 diqghp"
              href="/apps/star-bit"
            >
              STAR BIT
            </a>
          </dd>
          <dt>
            Date
          </dt>
          <dd>
            20 minutes ago
          </dd>
        </dl>
      </div>
      <span
        class="recent-fills-item__FillAmount-sc-1yc2z6o-3 dbRRNV"
      >
        $6.06
      </span>
    </div>
  </div>
</DocumentFragment>
`;
