// Jest Snapshot v1, https://goo.gl/fbAQLP

exports[`should render an assortment of fills 1`] = `
<DocumentFragment>
  <div
    class="entity-list__Wrapper-sc-6lpr25-0 lbTQPV"
  >
    <a
      class="link__StyledLink-sc-1m1n17q-0 diqghp entity-list-item__Wrapper-sc-1vughbg-0 bbGcfe"
      href="/fills/5dd96f9d250aa512ae416656"
    >
      <span
        class="entity-list-item___StyledSpan-sc-1vughbg-3 hRJdrw"
      >
        <div
          class="recent-fills-item-image__Wrapper-hf0nj8-0 cAvzIX"
        >
          <div
            class="recent-fills-item-image__ImageWrapper-hf0nj8-1 recent-fills-item-image___StyledImageWrapper-hf0nj8-3 hyXhcG"
          >
            <svg
              _css2="hsl(235, 14%, 30%)"
              aria-hidden="true"
              class="icon-base__IconBase-ngmsqy-0 hvjdWy fill-assets-image___StyledTokenIcon-sc-1na7yca-2 czOLpO"
              fill="currentColor"
              focusable="false"
              height="18"
              viewBox="0 0 24 24"
              width="18"
              xmlns="http://www.w3.org/2000/svg"
            >
              <path
                d="M0 0h24v24H0z"
                fill="none"
              />
              <path
                d="M12 22C6.477 22 2 17.523 2 12S6.477 2 12 2s10 4.477 10 10-4.477 10-10 10zm0-14.243L7.757 12 12 16.243 16.243 12 12 7.757z"
              />
            </svg>
          </div>
          <div
            class="recent-fills-item-image__ImageWrapper-hf0nj8-1 recent-fills-item-image___StyledImageWrapper2-hf0nj8-2 fcpgFi"
          >
            <svg
              _css2="hsl(235, 14%, 30%)"
              aria-hidden="true"
              class="icon-base__IconBase-ngmsqy-0 hvjdWy fill-assets-image___StyledTokenIcon-sc-1na7yca-2 czOLpO"
              fill="currentColor"
              focusable="false"
              height="18"
              viewBox="0 0 24 24"
              width="18"
              xmlns="http://www.w3.org/2000/svg"
            >
              <path
                d="M0 0h24v24H0z"
                fill="none"
              />
              <path
                d="M12 22C6.477 22 2 17.523 2 12S6.477 2 12 2s10 4.477 10 10-4.477 10-10 10zm0-14.243L7.757 12 12 16.243 16.243 12 12 7.757z"
              />
            </svg>
          </div>
        </div>
      </span>
      <span
        class="entity-list-item___StyledSpan2-sc-1vughbg-4 iuHNbQ"
      >
        <span
          class="entity-list-item__Heading-sc-1vughbg-2 eAGghH"
        >
          1 CARD ⇋ 0.19 WETH
        </span>
        <dl
          class="entity-list-item__Metadata-sc-1vughbg-1 xoMBe"
        >
          <dt>
            Date
          </dt>
          <dd>
            18 minutes ago
          </dd>
        </dl>
      </span>
      <span
        class="entity-list-item___StyledSpan3-sc-1vughbg-5 imrLCM"
      >
        <span
          class="recent-fills-item__FillAmount-sc-1yc2z6o-0 gpMfBD"
        >
          $29.24
        </span>
      </span>
    </a>
    <a
      class="link__StyledLink-sc-1m1n17q-0 diqghp entity-list-item__Wrapper-sc-1vughbg-0 bbGcfe"
      href="/fills/5dd96f6d250aa512ae40bad3"
    >
      <span
        class="entity-list-item___StyledSpan-sc-1vughbg-3 hRJdrw"
      >
        <div
          class="recent-fills-item-image__Wrapper-hf0nj8-0 cAvzIX"
        >
          <div
            class="recent-fills-item-image__ImageWrapper-hf0nj8-1 recent-fills-item-image___StyledImageWrapper-hf0nj8-3 hyXhcG"
          >
            <svg
              _css2="hsl(235, 14%, 30%)"
              aria-hidden="true"
              class="icon-base__IconBase-ngmsqy-0 hvjdWy fill-assets-image___StyledTokenIcon-sc-1na7yca-2 czOLpO"
              fill="currentColor"
              focusable="false"
              height="18"
              viewBox="0 0 24 24"
              width="18"
              xmlns="http://www.w3.org/2000/svg"
            >
              <path
                d="M0 0h24v24H0z"
                fill="none"
              />
              <path
                d="M12 22C6.477 22 2 17.523 2 12S6.477 2 12 2s10 4.477 10 10-4.477 10-10 10zm0-14.243L7.757 12 12 16.243 16.243 12 12 7.757z"
              />
            </svg>
          </div>
          <div
            class="recent-fills-item-image__ImageWrapper-hf0nj8-1 recent-fills-item-image___StyledImageWrapper2-hf0nj8-2 fcpgFi"
          >
            <svg
              _css2="hsl(235, 14%, 30%)"
              aria-hidden="true"
              class="icon-base__IconBase-ngmsqy-0 hvjdWy fill-assets-image___StyledTokenIcon-sc-1na7yca-2 czOLpO"
              fill="currentColor"
              focusable="false"
              height="18"
              viewBox="0 0 24 24"
              width="18"
              xmlns="http://www.w3.org/2000/svg"
            >
              <path
                d="M0 0h24v24H0z"
                fill="none"
              />
              <path
                d="M12 22C6.477 22 2 17.523 2 12S6.477 2 12 2s10 4.477 10 10-4.477 10-10 10zm0-14.243L7.757 12 12 16.243 16.243 12 12 7.757z"
              />
            </svg>
          </div>
        </div>
      </span>
      <span
        class="entity-list-item___StyledSpan2-sc-1vughbg-4 iuHNbQ"
      >
        <span
          class="entity-list-item__Heading-sc-1vughbg-2 eAGghH"
        >
           Unknown ⇋ 0.975 WETH
        </span>
        <dl
          class="entity-list-item__Metadata-sc-1vughbg-1 xoMBe"
        >
          <dt>
            Date
          </dt>
          <dd>
            19 minutes ago
          </dd>
        </dl>
      </span>
      <span
        class="entity-list-item___StyledSpan3-sc-1vughbg-5 imrLCM"
      >
        <span
          class="recent-fills-item__FillAmount-sc-1yc2z6o-0 gpMfBD"
        >
          $150.06
        </span>
      </span>
    </a>
    <a
      class="link__StyledLink-sc-1m1n17q-0 diqghp entity-list-item__Wrapper-sc-1vughbg-0 bbGcfe"
      href="/fills/5dd96f3f250aa512ae3fb34a"
    >
      <span
        class="entity-list-item___StyledSpan-sc-1vughbg-3 hRJdrw"
      >
        <div
          class="recent-fills-item-image__Wrapper-hf0nj8-0 cAvzIX"
        >
          <div
            class="recent-fills-item-image__ImageWrapper-hf0nj8-1 recent-fills-item-image___StyledImageWrapper-hf0nj8-3 hyXhcG"
          >
            <svg
              _css2="hsl(235, 14%, 30%)"
              aria-hidden="true"
              class="icon-base__IconBase-ngmsqy-0 hvjdWy fill-assets-image___StyledTokenIcon-sc-1na7yca-2 czOLpO"
              fill="currentColor"
              focusable="false"
              height="18"
              viewBox="0 0 24 24"
              width="18"
              xmlns="http://www.w3.org/2000/svg"
            >
              <path
                d="M0 0h24v24H0z"
                fill="none"
              />
              <path
                d="M12 22C6.477 22 2 17.523 2 12S6.477 2 12 2s10 4.477 10 10-4.477 10-10 10zm0-14.243L7.757 12 12 16.243 16.243 12 12 7.757z"
              />
            </svg>
          </div>
          <div
            class="recent-fills-item-image__ImageWrapper-hf0nj8-1 recent-fills-item-image___StyledImageWrapper2-hf0nj8-2 fcpgFi"
          >
            <svg
              _css2="hsl(235, 14%, 30%)"
              aria-hidden="true"
              class="icon-base__IconBase-ngmsqy-0 hvjdWy fill-assets-image___StyledTokenIcon-sc-1na7yca-2 czOLpO"
              fill="currentColor"
              focusable="false"
              height="18"
              viewBox="0 0 24 24"
              width="18"
              xmlns="http://www.w3.org/2000/svg"
            >
              <path
                d="M0 0h24v24H0z"
                fill="none"
              />
              <path
                d="M12 22C6.477 22 2 17.523 2 12S6.477 2 12 2s10 4.477 10 10-4.477 10-10 10zm0-14.243L7.757 12 12 16.243 16.243 12 12 7.757z"
              />
            </svg>
          </div>
        </div>
      </span>
      <span
        class="entity-list-item___StyledSpan2-sc-1vughbg-4 iuHNbQ"
      >
        <span
          class="entity-list-item__Heading-sc-1vughbg-2 eAGghH"
        >
          0.0403 WETH ⇋ 2,693 SBT
        </span>
        <dl
          class="entity-list-item__Metadata-sc-1vughbg-1 xoMBe"
        >
          <dt>
            Date
          </dt>
          <dd>
            20 minutes ago
          </dd>
        </dl>
      </span>
      <span
        class="entity-list-item___StyledSpan3-sc-1vughbg-5 imrLCM"
      >
        <span
          class="recent-fills-item__FillAmount-sc-1yc2z6o-0 gpMfBD"
        >
          $6.20
        </span>
      </span>
    </a>
    <a
      class="link__StyledLink-sc-1m1n17q-0 diqghp entity-list-item__Wrapper-sc-1vughbg-0 bbGcfe"
      href="/fills/5dd96f3f250aa512ae3fb34d"
    >
      <span
        class="entity-list-item___StyledSpan-sc-1vughbg-3 hRJdrw"
      >
        <div
          class="recent-fills-item-image__Wrapper-hf0nj8-0 cAvzIX"
        >
          <div
            class="recent-fills-item-image__ImageWrapper-hf0nj8-1 recent-fills-item-image___StyledImageWrapper-hf0nj8-3 hyXhcG"
          >
            <svg
              _css2="hsl(235, 14%, 30%)"
              aria-hidden="true"
              class="icon-base__IconBase-ngmsqy-0 hvjdWy fill-assets-image___StyledTokenIcon-sc-1na7yca-2 czOLpO"
              fill="currentColor"
              focusable="false"
              height="18"
              viewBox="0 0 24 24"
              width="18"
              xmlns="http://www.w3.org/2000/svg"
            >
              <path
                d="M0 0h24v24H0z"
                fill="none"
              />
              <path
                d="M12 22C6.477 22 2 17.523 2 12S6.477 2 12 2s10 4.477 10 10-4.477 10-10 10zm0-14.243L7.757 12 12 16.243 16.243 12 12 7.757z"
              />
            </svg>
          </div>
          <div
            class="recent-fills-item-image__ImageWrapper-hf0nj8-1 recent-fills-item-image___StyledImageWrapper2-hf0nj8-2 fcpgFi"
          >
            <svg
              _css2="hsl(235, 14%, 30%)"
              aria-hidden="true"
              class="icon-base__IconBase-ngmsqy-0 hvjdWy fill-assets-image___StyledTokenIcon-sc-1na7yca-2 czOLpO"
              fill="currentColor"
              focusable="false"
              height="18"
              viewBox="0 0 24 24"
              width="18"
              xmlns="http://www.w3.org/2000/svg"
            >
              <path
                d="M0 0h24v24H0z"
                fill="none"
              />
              <path
                d="M12 22C6.477 22 2 17.523 2 12S6.477 2 12 2s10 4.477 10 10-4.477 10-10 10zm0-14.243L7.757 12 12 16.243 16.243 12 12 7.757z"
              />
            </svg>
          </div>
        </div>
      </span>
      <span
        class="entity-list-item___StyledSpan2-sc-1vughbg-4 iuHNbQ"
      >
        <span
          class="entity-list-item__Heading-sc-1vughbg-2 eAGghH"
        >
          2,693 SBT ⇋  Unknown
        </span>
        <dl
          class="entity-list-item__Metadata-sc-1vughbg-1 xoMBe"
        >
          <dt>
            Date
          </dt>
          <dd>
            20 minutes ago
          </dd>
        </dl>
      </span>
      <span
        class="entity-list-item___StyledSpan3-sc-1vughbg-5 imrLCM"
      >
        <span
          class="recent-fills-item__FillAmount-sc-1yc2z6o-0 gpMfBD"
        >
          $6.06
        </span>
      </span>
    </a>
  </div>
</DocumentFragment>
`;
