// Jest Snapshot v1, https://goo.gl/fbAQLP

exports[`app layout component should render with children 1`] = `
<div
  class="app-layout__AppContainer-nr5sez-0 fuMuXz"
>
  <header
    class="header__StyledHeader-gflnft-2 gCWcGJ"
  >
    <div
      class="container__StyledContainer-cj53s7-0 fLJuGb header___StyledContainer-gflnft-4 kmIgfl container-fluid"
    >
      <a
        class="link__InternalLink-sc-1m1n17q-1 IiDhz"
        href="/"
      >
        <img
          alt="0x Tracker"
          class="header__LogoImage-gflnft-0 jBzasR"
          src="test-file-stub"
        />
      </a>
      <nav
        aria-label="Primary"
        class="navigation__StyledNavigation-sc-18grpkd-0 hZiGxx header___StyledNavigation-gflnft-5 dufaro"
      >
        <div
          class="sub-navigation-parent__StyledSubNavigationParent-sc-10lb7wi-0 gmYomQ"
        >
          <div
            class="sub-navigation-parent__NavigationItem-sc-10lb7wi-1 himNCf"
          >
            Network
            <svg
              aria-hidden="true"
              class="sc-AykKC gOjhcY sub-navigation-parent__SubNavigationIndicator-sc-10lb7wi-3 kLaVSC"
              fill="currentColor"
              focusable="false"
              height="10"
              viewBox="0 0 448 512"
              width="10"
              xmlns="http://www.w3.org/2000/svg"
            >
              <path
                d="M207.029 381.476L12.686 187.132c-9.373-9.373-9.373-24.569 0-33.941l22.667-22.667c9.357-9.357 24.522-9.375 33.901-.04L224 284.505l154.745-154.021c9.379-9.335 24.544-9.317 33.901.04l22.667 22.667c9.373 9.373 9.373 24.569 0 33.941L240.971 381.476c-9.373 9.372-24.569 9.372-33.942 0z"
                fill="currentColor"
              />
            </svg>
          </div>
        </div>
        <a
          aria-current="false"
          class="link__InternalLink-sc-1m1n17q-1 IiDhz navigation-link__StyledNavigationLink-do5zl-0 izJuQx"
          href="/tokens"
        >
          Tokens
        </a>
        <a
          aria-current="false"
          class="link__InternalLink-sc-1m1n17q-1 IiDhz navigation-link__StyledNavigationLink-do5zl-0 izJuQx"
          href="/relayers"
        >
          Relayers
        </a>
        <a
          aria-current="false"
          class="link__InternalLink-sc-1m1n17q-1 IiDhz navigation-link__StyledNavigationLink-do5zl-0 izJuQx"
          href="/news-and-updates"
        >
          News & Updates
        </a>
      </nav>
      <div
        class="header-actions___StyledDiv-sc-10491ou-2 kZJdyU"
      >
        <button
          class="header-actions__ActionButton-sc-10491ou-0 header-actions__NotificationsButton-sc-10491ou-1 lnMQmr headway"
        >
          <svg
            aria-hidden="true"
            class="sc-AykKC eYrmsm"
            color="currentColor"
            fill="currentColor"
            focusable="false"
            height="26"
            viewBox="0 0 24 24"
            width="26"
            xmlns="http://www.w3.org/2000/svg"
          >
            <path
              d="M12 22c1.1 0 2-.9 2-2h-4a2 2 0 002 2zm6-6v-5c0-3.07-1.64-5.64-4.5-6.32V4c0-.83-.67-1.5-1.5-1.5s-1.5.67-1.5 1.5v.68C7.63 5.36 6 7.92 6 11v5l-2 2v1h16v-1l-2-2z"
            />
          </svg>
        </button>
        <button
          class="header-actions__ActionButton-sc-10491ou-0 fHcrnT"
          title="Settings"
        >
          <svg
            aria-hidden="true"
            class="sc-AykKC gOjhcY"
            color="currentColor"
            fill="currentColor"
            focusable="false"
            height="22"
            viewBox="0 0 512 512"
            width="22"
            xmlns="http://www.w3.org/2000/svg"
          >
            <path
              d="M487.4 315.7l-42.6-24.6c4.3-23.2 4.3-47 0-70.2l42.6-24.6c4.9-2.8 7.1-8.6 5.5-14-11.1-35.6-30-67.8-54.7-94.6-3.8-4.1-10-5.1-14.8-2.3L380.8 110c-17.9-15.4-38.5-27.3-60.8-35.1V25.8c0-5.6-3.9-10.5-9.4-11.7-36.7-8.2-74.3-7.8-109.2 0-5.5 1.2-9.4 6.1-9.4 11.7V75c-22.2 7.9-42.8 19.8-60.8 35.1L88.7 85.5c-4.9-2.8-11-1.9-14.8 2.3-24.7 26.7-43.6 58.9-54.7 94.6-1.7 5.4.6 11.2 5.5 14L67.3 221c-4.3 23.2-4.3 47 0 70.2l-42.6 24.6c-4.9 2.8-7.1 8.6-5.5 14 11.1 35.6 30 67.8 54.7 94.6 3.8 4.1 10 5.1 14.8 2.3l42.6-24.6c17.9 15.4 38.5 27.3 60.8 35.1v49.2c0 5.6 3.9 10.5 9.4 11.7 36.7 8.2 74.3 7.8 109.2 0 5.5-1.2 9.4-6.1 9.4-11.7v-49.2c22.2-7.9 42.8-19.8 60.8-35.1l42.6 24.6c4.9 2.8 11 1.9 14.8-2.3 24.7-26.7 43.6-58.9 54.7-94.6 1.5-5.5-.7-11.3-5.6-14.1zM256 336c-44.1 0-80-35.9-80-80s35.9-80 80-80 80 35.9 80 80-35.9 80-80 80z"
              fill="currentColor"
            />
          </svg>
        </button>
        <button
          class="header-actions__ActionButton-sc-10491ou-0 fHcrnT"
          title="Search"
        >
          <svg
            aria-hidden="true"
            class="sc-AykKC gOjhcY"
            color="currentColor"
            fill="currentColor"
            focusable="false"
            height="22"
            viewBox="0 0 512 512"
            width="22"
            xmlns="http://www.w3.org/2000/svg"
          >
            <path
              d="M505 442.7L405.3 343c-4.5-4.5-10.6-7-17-7H372c27.6-35.3 44-79.7 44-128C416 93.1 322.9 0 208 0S0 93.1 0 208s93.1 208 208 208c48.3 0 92.7-16.4 128-44v16.3c0 6.4 2.5 12.5 7 17l99.7 99.7c9.4 9.4 24.6 9.4 33.9 0l28.3-28.3c9.4-9.4 9.4-24.6.1-34zM208 336c-70.7 0-128-57.2-128-128 0-70.7 57.2-128 128-128 70.7 0 128 57.2 128 128 0 70.7-57.2 128-128 128z"
              fill="currentColor"
            />
          </svg>
        </button>
      </div>
    </div>
  </header>
  <div
    class="app-layout__AppBody-nr5sez-1 ePuqVL"
  >
    Hello World
  </div>
  <div
    class="footer___StyledDiv-htpw4v-4 iGjkGL"
  >
    <div
      class="container__StyledContainer-cj53s7-0 fLJuGb container-fluid"
    >
      <div
        class="row"
      >
        <div
          class="col-12 col-md-4"
        >
          <img
            alt="0x Tracker"
            class="footer__Logo-htpw4v-0 cGztiK"
            src="test-file-stub"
          />
          <p
            class="footer__Description-htpw4v-2 kZpjPG"
          >
            The 0x protocol trade explorer, decentralised price index and news aggregator.
          </p>
        </div>
        <div
          class="col-6 col-sm-4 col-md-2 offset-md-3"
        >
          <h2
            class="footer__NavHeading-htpw4v-1 drzkDm"
          >
            About
          </h2>
          <nav>
            <a
              class="link__OutboundLink-sc-1m1n17q-0 iAzcTd footer__NavLink-htpw4v-3 dkNCXK"
              href="https://docs.0xtracker.com/"
              rel="noopener noreferrer"
              target="_blank"
            >
              Overview
            </a>
            <a
              class="link__OutboundLink-sc-1m1n17q-0 iAzcTd footer__NavLink-htpw4v-3 dkNCXK"
              href="https://docs.0xtracker.com/faqs"
              rel="noopener noreferrer"
              target="_blank"
            >
              FAQs
            </a>
            <a
              class="link__OutboundLink-sc-1m1n17q-0 iAzcTd footer__NavLink-htpw4v-3 dkNCXK"
              href="https://medium.com/0x-tracker"
              rel="noopener noreferrer"
              target="_blank"
            >
              Blog
            </a>
            <a
              class="link__OutboundLink-sc-1m1n17q-0 iAzcTd footer__NavLink-htpw4v-3 dkNCXK"
              href="https://docs.0xtracker.com/#need-to-get-in-touch"
              rel="noopener noreferrer"
              target="_blank"
            >
              Contact
            </a>
          </nav>
        </div>
        <div
          class="col-6 col-sm-4 col-md-2"
        >
          <h2
            class="footer__NavHeading-htpw4v-1 drzkDm"
          >
            Developers
          </h2>
          <nav>
            <a
              class="link__OutboundLink-sc-1m1n17q-0 iAzcTd footer__NavLink-htpw4v-3 dkNCXK"
              href="https://docs.0xtracker.com/api-reference/introduction"
              rel="noopener noreferrer"
              target="_blank"
            >
              API
            </a>
            <a
              class="link__OutboundLink-sc-1m1n17q-0 iAzcTd footer__NavLink-htpw4v-3 dkNCXK"
              href="https://docs.0xtracker.com/contributing"
              rel="noopener noreferrer"
              target="_blank"
            >
              Contributing
            </a>
            <a
              class="link__OutboundLink-sc-1m1n17q-0 iAzcTd footer__NavLink-htpw4v-3 dkNCXK"
              href="https://github.com/0xtracker"
              rel="noopener noreferrer"
              target="_blank"
            >
              GitHub
            </a>
          </nav>
        </div>
        <div
          class="col-6 col-sm-4 col-md-1"
        >
          <h2
            class="footer__NavHeading-htpw4v-1 drzkDm"
          >
            Social
          </h2>
          <nav>
            <a
              class="link__OutboundLink-sc-1m1n17q-0 iAzcTd footer__NavLink-htpw4v-3 dkNCXK"
              href="https://twitter.com/0xTracker"
              rel="noopener noreferrer"
              target="_blank"
            >
              Twitter
            </a>
            <a
              class="link__OutboundLink-sc-1m1n17q-0 iAzcTd footer__NavLink-htpw4v-3 dkNCXK"
              href="https://discord.gg/tnV8hud"
              rel="noopener noreferrer"
              target="_blank"
            >
              Discord
            </a>
          </nav>
        </div>
      </div>
    </div>
  </div>
</div>
`;
