// Jest Snapshot v1, https://goo.gl/fbAQLP

exports[`should render with items 1`] = `
.c1 {
  color: #3f4ac3;
  cursor: pointer;
}

.c1:hover {
  color: inherit;
  -webkit-text-decoration: none;
  text-decoration: none;
}

.c0 .breadcrumb {
  background: none;
  margin: 0;
  padding: 0;
}

<nav
  aria-label="breadcrumb"
  class="c0"
>
  <ol
    class="breadcrumb"
  >
    <li
      class="breadcrumb-item"
    >
      <a
        class="c1"
        href="/"
      >
        Home
      </a>
    </li>
    <li
      class="breadcrumb-item"
    >
      <a
        class="c1"
        href="/tokens"
      >
        Tokens
      </a>
    </li>
    <li
      aria-current="page"
      class="active breadcrumb-item"
    >
      Ether
    </li>
  </ol>
</nav>
`;
