// Jest Snapshot v1, https://goo.gl/fbAQLP

exports[`should render with items 1`] = `
<nav
  aria-label="breadcrumb"
  class="breadcrumb__StyledBreadcrumb-yqtjg0-0 eCKXTH"
>
  <ol
    class="breadcrumb"
  >
    <li
      class="breadcrumb-item"
    >
      <a
        class="link__StyledInternalLink-sc-1m1n17q-1 jZaAPW"
        href="/"
      >
        Home
      </a>
    </li>
    <li
      class="breadcrumb-item"
    >
      <a
        class="link__StyledInternalLink-sc-1m1n17q-1 jZaAPW"
        href="/tokens"
      >
        Tokens
      </a>
    </li>
    <li
      aria-current="page"
      class="active breadcrumb-item"
    >
      Ether
    </li>
  </ol>
</nav>
`;
