// Jest Snapshot v1, https://goo.gl/fbAQLP

exports[`should render without props 1`] = `
<div
  class="footer___StyledDiv-htpw4v-4 hUOYyM"
>
  <div
    class="container__StyledContainer-cj53s7-0 eMKfDZ container-fluid"
  >
    <div
      class="row"
    >
      <div
        class="col-12 col-md-4"
      >
        <img
          alt="0x Tracker"
          class="footer__Logo-htpw4v-0 iRToUm"
          src="test-file-stub"
        />
        <p
          class="footer__Description-htpw4v-2 kZDUij"
        >
          The 0x protocol trade explorer, decentralised price index and news aggregator.
        </p>
      </div>
      <div
        class="col-6 col-sm-4 col-md-2 offset-md-3"
      >
        <h2
          class="footer__NavHeading-htpw4v-1 bQVrZ"
        >
          About
        </h2>
        <nav>
          <a
            class="link__OutboundLink-sc-1m1n17q-0 dFkevI footer__NavLink-htpw4v-3 eijGhq"
            href="https://docs.0xtracker.com/"
            rel="noopener noreferrer"
            target="_blank"
          >
            Overview
          </a>
          <a
            class="link__OutboundLink-sc-1m1n17q-0 dFkevI footer__NavLink-htpw4v-3 eijGhq"
            href="https://docs.0xtracker.com/faqs"
            rel="noopener noreferrer"
            target="_blank"
          >
            FAQs
          </a>
          <a
            class="link__OutboundLink-sc-1m1n17q-0 dFkevI footer__NavLink-htpw4v-3 eijGhq"
            href="https://medium.com/0x-tracker"
            rel="noopener noreferrer"
            target="_blank"
          >
            Blog
          </a>
          <a
            class="link__OutboundLink-sc-1m1n17q-0 dFkevI footer__NavLink-htpw4v-3 eijGhq"
            href="https://docs.0xtracker.com/#need-to-get-in-touch"
            rel="noopener noreferrer"
            target="_blank"
          >
            Contact
          </a>
        </nav>
      </div>
      <div
        class="col-6 col-sm-4 col-md-2"
      >
        <h2
          class="footer__NavHeading-htpw4v-1 bQVrZ"
        >
          Developers
        </h2>
        <nav>
          <a
            class="link__OutboundLink-sc-1m1n17q-0 dFkevI footer__NavLink-htpw4v-3 eijGhq"
            href="https://docs.0xtracker.com/api-reference/introduction"
            rel="noopener noreferrer"
            target="_blank"
          >
            API
          </a>
          <a
            class="link__OutboundLink-sc-1m1n17q-0 dFkevI footer__NavLink-htpw4v-3 eijGhq"
            href="https://docs.0xtracker.com/contributing"
            rel="noopener noreferrer"
            target="_blank"
          >
            Contributing
          </a>
          <a
            class="link__OutboundLink-sc-1m1n17q-0 dFkevI footer__NavLink-htpw4v-3 eijGhq"
            href="https://github.com/0xtracker"
            rel="noopener noreferrer"
            target="_blank"
          >
            GitHub
          </a>
        </nav>
      </div>
      <div
        class="col-6 col-sm-4 col-md-1"
      >
        <h2
          class="footer__NavHeading-htpw4v-1 bQVrZ"
        >
          Social
        </h2>
        <nav>
          <a
            class="link__OutboundLink-sc-1m1n17q-0 dFkevI footer__NavLink-htpw4v-3 eijGhq"
            href="https://twitter.com/0xTracker"
            rel="noopener noreferrer"
            target="_blank"
          >
            Twitter
          </a>
          <a
            class="link__OutboundLink-sc-1m1n17q-0 dFkevI footer__NavLink-htpw4v-3 eijGhq"
            href="https://discord.gg/tnV8hud"
            rel="noopener noreferrer"
            target="_blank"
          >
            Discord
          </a>
        </nav>
      </div>
    </div>
  </div>
</div>
`;
