// Jest Snapshot v1, https://goo.gl/fbAQLP

exports[`should render without props 1`] = `
<div
  class="footer__StyledFooter-htpw4v-0 uuCzF"
>
  <div
    class="container_58zt44 container-fluid"
  >
    <div
      class="row"
    >
      <div
        class="col-6"
      >
        Copyright © 0x Tracker 
        2019
      </div>
      <div
        class="text-right col-6"
      >
        Built by
         
        <a
          class="footer__FooterLink-htpw4v-1 dnGTp link__StyledLink-sc-1m1n17q-0 caBDBZ"
          href="https://github.com/cbovis"
          rel="noreferrer noopener"
          target="_blank"
        >
          @cbovis
        </a>
         in Melbourne Australia 🐨
      </div>
    </div>
  </div>
</div>
`;
