// Jest Snapshot v1, https://goo.gl/fbAQLP

exports[`should render full size paginator 1`] = `
<div
  class="full-paginator__StyledPaginator-sc-4xhne0-1 hjnqpe"
>
  <p
    class="paging-summary___StyledP-sc-1a329kw-0 jpzpTu full-paginator___StyledPagingSummary-sc-4xhne0-2 joXbQg"
  >
    Displaying 
    1
     to 
    15
     of
     
    147
  </p>
  <div
    class="full-paginator__Pages-sc-4xhne0-0 hpCtnx"
  >
    <ul
      class="pagination"
    >
      <li
        class="page-item disabled"
      >
        <a
          aria-disabled="true"
          class="page-link"
          role="button"
          tabindex="0"
        >
          Previous
        </a>
      </li>
      <li
        class="page-item active"
      >
        <a
          aria-current="page"
          aria-label="Page 1 is your current page"
          class="page-link"
          role="button"
          tabindex="0"
        >
          1
        </a>
      </li>
      <li
        class="page-item"
      >
        <a
          aria-label="Page 2"
          class="page-link"
          role="button"
          tabindex="0"
        >
          2
        </a>
      </li>
      <li
        class="page-item"
      >
        <a
          aria-label="Page 3"
          class="page-link"
          role="button"
          tabindex="0"
        >
          3
        </a>
      </li>
      <li
        class="page-item"
      >
        <a
          aria-label="Page 4"
          class="page-link"
          role="button"
          tabindex="0"
        >
          4
        </a>
      </li>
      <li
        class="page-item"
      >
        <a
          aria-label="Page 5"
          class="page-link"
          role="button"
          tabindex="0"
        >
          5
        </a>
      </li>
      <li
        class="page-item"
      >
        <a
          aria-label="Page 6"
          class="page-link"
          role="button"
          tabindex="0"
        >
          6
        </a>
      </li>
      <li
        class="d-none"
      >
        <a
          role="button"
          tabindex="0"
        >
          ...
        </a>
      </li>
      <li
        class="page-item"
      >
        <a
          aria-disabled="false"
          class="page-link"
          role="button"
          tabindex="0"
        >
          Next
        </a>
      </li>
    </ul>
  </div>
</div>
`;
