// Jest Snapshot v1, https://goo.gl/fbAQLP

exports[`should render loading page 1`] = `
.c1 {
  max-width: 1170px;
}

.c2 {
  -webkit-align-items: center;
  -webkit-box-align: center;
  -ms-flex-align: center;
  align-items: center;
  display: -webkit-box;
  display: -webkit-flex;
  display: -ms-flexbox;
  display: flex;
  -webkit-flex-direction: column;
  -ms-flex-direction: column;
  flex-direction: column;
  -webkit-box-flex: 1;
  -webkit-flex-grow: 1;
  -ms-flex-positive: 1;
  flex-grow: 1;
  -webkit-box-pack: center;
  -webkit-justify-content: center;
  -ms-flex-pack: center;
  justify-content: center;
  padding-bottom: 2.5rem;
}

.c0 {
  display: -webkit-box;
  display: -webkit-flex;
  display: -ms-flexbox;
  display: flex;
  -webkit-flex-direction: column;
  -ms-flex-direction: column;
  flex-direction: column;
  -webkit-box-flex: 1;
  -webkit-flex-grow: 1;
  -ms-flex-positive: 1;
  flex-grow: 1;
}

<div
  class="c0"
>
  <div
    class="c1 c2 container-fluid"
  >
    <div
      style="fill: currentColor; height: 50px; width: 50px;"
    >
      <svg
        viewBox="0 0 32 32"
        xmlns="http://www.w3.org/2000/svg"
      >
        
  
        <path
          d="M16 0 A16 16 0 0 0 16 32 A16 16 0 0 0 16 0 M16 4 A12 12 0 0 1 16 28 A12 12 0 0 1 16 4"
          opacity=".25"
        />
        
  
        <path
          d="M16 0 A16 16 0 0 1 32 16 L28 16 A12 12 0 0 0 16 4z"
        >
          
    
          <animatetransform
            attributeName="transform"
            dur="0.8s"
            from="0 16 16"
            repeatCount="indefinite"
            to="360 16 16"
            type="rotate"
          />
          
  
        </path>
        

      </svg>
      

    </div>
  </div>
</div>
`;
