// Jest Snapshot v1, https://goo.gl/fbAQLP

exports[`more icon component should render without props 1`] = `
.c0 {
  display: inline-block;
  vertical-align: middle;
  overflow: hidden;
}

<svg
  aria-hidden="true"
  class="c0"
  fill="currentColor"
  focusable="false"
  viewBox="0 0 24 24"
  xmlns="http://www.w3.org/2000/svg"
>
  <path
    d="M0 0h24v24H0z"
    fill="none"
  />
  <path
    d="M6 10c-1.1 0-2 .9-2 2s.9 2 2 2 2-.9 2-2-.9-2-2-2zm12 0c-1.1 0-2 .9-2 2s.9 2 2 2 2-.9 2-2-.9-2-2-2zm-6 0c-1.1 0-2 .9-2 2s.9 2 2 2 2-.9 2-2-.9-2-2-2z"
  />
</svg>
`;
