// Jest Snapshot v1, https://goo.gl/fbAQLP

exports[`renders with basic props 1`] = `
<table
  class="table table-responsive"
>
  <thead>
    <tr>
      <th>
        #
      </th>
      <th
        colspan="2"
      >
        Relayer
      </th>
      <th
        class="text-right"
      >
        Traders
         
        <svg
          aria-hidden="true"
          class="sc-bdVaJa iJCmgd relayer-list___StyledHelpWidget-sc-1herowu-0 gqVhem"
          fill="currentColor"
          focusable="false"
          height="18"
          viewBox="0 0 24 24"
          width="18"
          xmlns="http://www.w3.org/2000/svg"
        >
          <path
            d="M12 6a3.939 3.939 0 00-3.934 3.934h2C10.066 8.867 10.934 8 12 8s1.934.867 1.934 1.934c0 .598-.481 1.032-1.216 1.626a9.208 9.208 0 00-.691.599c-.998.997-1.027 2.056-1.027 2.174V15h2l-.001-.633c.001-.016.033-.386.441-.793.15-.15.339-.3.535-.458.779-.631 1.958-1.584 1.958-3.182A3.937 3.937 0 0012 6zm-1 10h2v2h-2z"
          />
          <path
            d="M12 2C6.486 2 2 6.486 2 12s4.486 10 10 10 10-4.486 10-10S17.514 2 12 2zm0 18c-4.411 0-8-3.589-8-8s3.589-8 8-8 8 3.589 8 8-3.589 8-8 8z"
          />
        </svg>
      </th>
      <th
        class="text-right"
      >
        Trades
        <svg
          aria-hidden="true"
          class="sc-bdVaJa iJCmgd relayer-list___StyledHelpWidget2-sc-1herowu-1 hkcqhi"
          fill="currentColor"
          focusable="false"
          height="18"
          viewBox="0 0 24 24"
          width="18"
          xmlns="http://www.w3.org/2000/svg"
        >
          <path
            d="M12 6a3.939 3.939 0 00-3.934 3.934h2C10.066 8.867 10.934 8 12 8s1.934.867 1.934 1.934c0 .598-.481 1.032-1.216 1.626a9.208 9.208 0 00-.691.599c-.998.997-1.027 2.056-1.027 2.174V15h2l-.001-.633c.001-.016.033-.386.441-.793.15-.15.339-.3.535-.458.779-.631 1.958-1.584 1.958-3.182A3.937 3.937 0 0012 6zm-1 10h2v2h-2z"
          />
          <path
            d="M12 2C6.486 2 2 6.486 2 12s4.486 10 10 10 10-4.486 10-10S17.514 2 12 2zm0 18c-4.411 0-8-3.589-8-8s3.589-8 8-8 8 3.589 8 8-3.589 8-8 8z"
          />
        </svg>
      </th>
      <th
        class="text-right"
      >
        Volume
        <svg
          aria-hidden="true"
          class="sc-bdVaJa iJCmgd relayer-list___StyledHelpWidget3-sc-1herowu-2 XJHby"
          fill="currentColor"
          focusable="false"
          height="18"
          viewBox="0 0 24 24"
          width="18"
          xmlns="http://www.w3.org/2000/svg"
        >
          <path
            d="M12 6a3.939 3.939 0 00-3.934 3.934h2C10.066 8.867 10.934 8 12 8s1.934.867 1.934 1.934c0 .598-.481 1.032-1.216 1.626a9.208 9.208 0 00-.691.599c-.998.997-1.027 2.056-1.027 2.174V15h2l-.001-.633c.001-.016.033-.386.441-.793.15-.15.339-.3.535-.458.779-.631 1.958-1.584 1.958-3.182A3.937 3.937 0 0012 6zm-1 10h2v2h-2z"
          />
          <path
            d="M12 2C6.486 2 2 6.486 2 12s4.486 10 10 10 10-4.486 10-10S17.514 2 12 2zm0 18c-4.411 0-8-3.589-8-8s3.589-8 8-8 8 3.589 8 8-3.589 8-8 8z"
          />
        </svg>
      </th>
      <th
        class="text-right"
      >
        Volume Trend
        <svg
          aria-hidden="true"
          class="sc-bdVaJa iJCmgd relayer-list___StyledHelpWidget4-sc-1herowu-3 fMvVGn"
          fill="currentColor"
          focusable="false"
          height="18"
          viewBox="0 0 24 24"
          width="18"
          xmlns="http://www.w3.org/2000/svg"
        >
          <path
            d="M12 6a3.939 3.939 0 00-3.934 3.934h2C10.066 8.867 10.934 8 12 8s1.934.867 1.934 1.934c0 .598-.481 1.032-1.216 1.626a9.208 9.208 0 00-.691.599c-.998.997-1.027 2.056-1.027 2.174V15h2l-.001-.633c.001-.016.033-.386.441-.793.15-.15.339-.3.535-.458.779-.631 1.958-1.584 1.958-3.182A3.937 3.937 0 0012 6zm-1 10h2v2h-2z"
          />
          <path
            d="M12 2C6.486 2 2 6.486 2 12s4.486 10 10 10 10-4.486 10-10S17.514 2 12 2zm0 18c-4.411 0-8-3.589-8-8s3.589-8 8-8 8 3.589 8 8-3.589 8-8 8z"
          />
        </svg>
      </th>
    </tr>
  </thead>
  <tbody>
    <tr>
      <td
        class="align-middle"
      >
        1
      </td>
      <td
        class="align-middle"
      >
        <a
          class="link__StyledLink-sc-1m1n17q-0 dmYDHp"
          href="/relayers/ddex"
        >
          <svg
            aria-hidden="true"
            class="sc-bdVaJa cjEDWs"
            color="hsl(230, 30%, 84%)"
            fill="currentColor"
            focusable="false"
            height="40"
            viewBox="0 0 448 512"
            width="40"
            xmlns="http://www.w3.org/2000/svg"
          >
            <path
              d="M400 32H48C21.5 32 0 53.5 0 80v352c0 26.5 21.5 48 48 48h352c26.5 0 48-21.5 48-48V80c0-26.5-21.5-48-48-48z"
              fill="currentColor"
            />
          </svg>
        </a>
      </td>
      <td
        class="align-middle"
        width="99%"
      >
        <span
          class="relayer-list___StyledSpan-sc-1herowu-4 eXwvpm"
        >
          <a
            class="link__StyledLink-sc-1m1n17q-0 dmYDHp"
            href="/relayers/ddex"
          >
            DDEX
          </a>
        </span>
        <a
          class="link__StyledLink-sc-1m1n17q-0 dmYDHp relayer-list___StyledLink-sc-1herowu-7 cJqEkd"
          href="https://ddex.io"
          rel="noreferrer noopener"
          target="_blank"
        >
          https://ddex.io
        </a>
      </td>
      <td
        class="align-middle text-right"
      >
        <span
          title="30"
        >
          30
        </span>
      </td>
      <td
        class="align-middle text-right"
      >
        <span
          title="256"
        >
          256
        </span>
      </td>
      <td
        class="align-middle text-right"
      >
        <span
          title="$150,456.56"
        >
          $150.46k
        </span>
      </td>
      <td />
    </tr>
    <tr>
      <td
        class="align-middle"
      >
        2
      </td>
      <td
        class="align-middle"
      >
        <a
          class="link__StyledLink-sc-1m1n17q-0 dmYDHp"
          href="/relayers/paradex"
        >
          <svg
            aria-hidden="true"
            class="sc-bdVaJa cjEDWs"
            color="hsl(230, 30%, 84%)"
            fill="currentColor"
            focusable="false"
            height="40"
            viewBox="0 0 448 512"
            width="40"
            xmlns="http://www.w3.org/2000/svg"
          >
            <path
              d="M400 32H48C21.5 32 0 53.5 0 80v352c0 26.5 21.5 48 48 48h352c26.5 0 48-21.5 48-48V80c0-26.5-21.5-48-48-48z"
              fill="currentColor"
            />
          </svg>
        </a>
      </td>
      <td
        class="align-middle"
        width="99%"
      >
        <span
          class="relayer-list___StyledSpan-sc-1herowu-4 eXwvpm"
        >
          <a
            class="link__StyledLink-sc-1m1n17q-0 dmYDHp"
            href="/relayers/paradex"
          >
            Paradex
          </a>
        </span>
        <a
          class="link__StyledLink-sc-1m1n17q-0 dmYDHp relayer-list___StyledLink-sc-1herowu-7 cJqEkd"
          href="https://paradex.io"
          rel="noreferrer noopener"
          target="_blank"
        >
          https://paradex.io
        </a>
      </td>
      <td
        class="align-middle text-right"
      >
        <span
          title="123"
        >
          123
        </span>
      </td>
      <td
        class="align-middle text-right"
      >
        <span
          title="345"
        >
          345
        </span>
      </td>
      <td
        class="align-middle text-right"
      >
        <span
          title="$124,000.00"
        >
          $124k
        </span>
      </td>
      <td />
    </tr>
    <tr>
      <td
        class="align-middle"
      >
        3
      </td>
      <td
        class="align-middle"
      >
        <a
          class="link__StyledLink-sc-1m1n17q-0 dmYDHp"
          href="/relayers/radar-relay"
        >
          <svg
            aria-hidden="true"
            class="sc-bdVaJa cjEDWs"
            color="hsl(230, 30%, 84%)"
            fill="currentColor"
            focusable="false"
            height="40"
            viewBox="0 0 448 512"
            width="40"
            xmlns="http://www.w3.org/2000/svg"
          >
            <path
              d="M400 32H48C21.5 32 0 53.5 0 80v352c0 26.5 21.5 48 48 48h352c26.5 0 48-21.5 48-48V80c0-26.5-21.5-48-48-48z"
              fill="currentColor"
            />
          </svg>
        </a>
      </td>
      <td
        class="align-middle"
        width="99%"
      >
        <span
          class="relayer-list___StyledSpan-sc-1herowu-4 eXwvpm"
        >
          <a
            class="link__StyledLink-sc-1m1n17q-0 dmYDHp"
            href="/relayers/radar-relay"
          >
            Radar Relay
          </a>
        </span>
        <a
          class="link__StyledLink-sc-1m1n17q-0 dmYDHp relayer-list___StyledLink-sc-1herowu-7 cJqEkd"
          href="https://radarrelay.com"
          rel="noreferrer noopener"
          target="_blank"
        >
          https://radarrelay.com
        </a>
      </td>
      <td
        class="align-middle text-right"
      >
        <span
          title="82"
        >
          82
        </span>
      </td>
      <td
        class="align-middle text-right"
      >
        <span
          title="512"
        >
          512
        </span>
      </td>
      <td
        class="align-middle text-right"
      >
        <span
          title="$100,000.00"
        >
          $100k
        </span>
      </td>
      <td />
    </tr>
  </tbody>
</table>
`;
