// Jest Snapshot v1, https://goo.gl/fbAQLP

exports[`renders with basic props 1`] = `
<table
  class="table table-responsive"
>
  <thead>
    <tr>
      <th
        class="text-center"
      >
        #
      </th>
      <th
        colspan="2"
      >
        Relayer
      </th>
      <th
        class="text-right"
      >
        Trades
        <svg
          aria-hidden="true"
          class="icon-base__IconBase-ngmsqy-0 hvjdWy relayer-list___StyledHelpWidget-sc-1herowu-0 drRKSR"
          fill="currentColor"
          focusable="false"
          height="18"
          viewBox="0 0 24 24"
          width="18"
          xmlns="http://www.w3.org/2000/svg"
        >
          <path
            d="M12 6a3.939 3.939 0 00-3.934 3.934h2C10.066 8.867 10.934 8 12 8s1.934.867 1.934 1.934c0 .598-.481 1.032-1.216 1.626a9.208 9.208 0 00-.691.599c-.998.997-1.027 2.056-1.027 2.174V15h2l-.001-.633c.001-.016.033-.386.441-.793.15-.15.339-.3.535-.458.779-.631 1.958-1.584 1.958-3.182A3.937 3.937 0 0012 6zm-1 10h2v2h-2z"
          />
          <path
            d="M12 2C6.486 2 2 6.486 2 12s4.486 10 10 10 10-4.486 10-10S17.514 2 12 2zm0 18c-4.411 0-8-3.589-8-8s3.589-8 8-8 8 3.589 8 8-3.589 8-8 8z"
          />
        </svg>
      </th>
      <th
        class="text-right"
      >
        Volume
        <svg
          aria-hidden="true"
          class="icon-base__IconBase-ngmsqy-0 hvjdWy relayer-list___StyledHelpWidget2-sc-1herowu-1 gXsigW"
          fill="currentColor"
          focusable="false"
          height="18"
          viewBox="0 0 24 24"
          width="18"
          xmlns="http://www.w3.org/2000/svg"
        >
          <path
            d="M12 6a3.939 3.939 0 00-3.934 3.934h2C10.066 8.867 10.934 8 12 8s1.934.867 1.934 1.934c0 .598-.481 1.032-1.216 1.626a9.208 9.208 0 00-.691.599c-.998.997-1.027 2.056-1.027 2.174V15h2l-.001-.633c.001-.016.033-.386.441-.793.15-.15.339-.3.535-.458.779-.631 1.958-1.584 1.958-3.182A3.937 3.937 0 0012 6zm-1 10h2v2h-2z"
          />
          <path
            d="M12 2C6.486 2 2 6.486 2 12s4.486 10 10 10 10-4.486 10-10S17.514 2 12 2zm0 18c-4.411 0-8-3.589-8-8s3.589-8 8-8 8 3.589 8 8-3.589 8-8 8z"
          />
        </svg>
      </th>
      <th
        class="text-right"
      >
        Traders
         
        <svg
          aria-hidden="true"
          class="icon-base__IconBase-ngmsqy-0 hvjdWy relayer-list___StyledHelpWidget3-sc-1herowu-2 fuRCfg"
          fill="currentColor"
          focusable="false"
          height="18"
          viewBox="0 0 24 24"
          width="18"
          xmlns="http://www.w3.org/2000/svg"
        >
          <path
            d="M12 6a3.939 3.939 0 00-3.934 3.934h2C10.066 8.867 10.934 8 12 8s1.934.867 1.934 1.934c0 .598-.481 1.032-1.216 1.626a9.208 9.208 0 00-.691.599c-.998.997-1.027 2.056-1.027 2.174V15h2l-.001-.633c.001-.016.033-.386.441-.793.15-.15.339-.3.535-.458.779-.631 1.958-1.584 1.958-3.182A3.937 3.937 0 0012 6zm-1 10h2v2h-2z"
          />
          <path
            d="M12 2C6.486 2 2 6.486 2 12s4.486 10 10 10 10-4.486 10-10S17.514 2 12 2zm0 18c-4.411 0-8-3.589-8-8s3.589-8 8-8 8 3.589 8 8-3.589 8-8 8z"
          />
        </svg>
      </th>
      <th
        class="text-right"
      >
        Volume Trend
        <svg
          aria-hidden="true"
          class="icon-base__IconBase-ngmsqy-0 hvjdWy relayer-list___StyledHelpWidget4-sc-1herowu-3 jNjMLi"
          fill="currentColor"
          focusable="false"
          height="18"
          viewBox="0 0 24 24"
          width="18"
          xmlns="http://www.w3.org/2000/svg"
        >
          <path
            d="M12 6a3.939 3.939 0 00-3.934 3.934h2C10.066 8.867 10.934 8 12 8s1.934.867 1.934 1.934c0 .598-.481 1.032-1.216 1.626a9.208 9.208 0 00-.691.599c-.998.997-1.027 2.056-1.027 2.174V15h2l-.001-.633c.001-.016.033-.386.441-.793.15-.15.339-.3.535-.458.779-.631 1.958-1.584 1.958-3.182A3.937 3.937 0 0012 6zm-1 10h2v2h-2z"
          />
          <path
            d="M12 2C6.486 2 2 6.486 2 12s4.486 10 10 10 10-4.486 10-10S17.514 2 12 2zm0 18c-4.411 0-8-3.589-8-8s3.589-8 8-8 8 3.589 8 8-3.589 8-8 8z"
          />
        </svg>
      </th>
    </tr>
  </thead>
  <tbody>
    <tr>
      <td
        class="align-middle text-center"
      >
        <img
          class="rank___StyledImg-flivtb-0 Wbmny"
          src="test-file-stub"
        />
      </td>
      <td
        class="align-middle"
      >
        <a
          class="link__StyledLink-sc-1m1n17q-0 diqghp"
          href="/relayers/ddex"
        >
          <svg
            aria-hidden="true"
            class="icon-base__IconBase-ngmsqy-0 hvjdWy"
            color="hsl(230, 30%, 84%)"
            fill="currentColor"
            focusable="false"
            height="40"
            viewBox="0 0 448 512"
            width="40"
            xmlns="http://www.w3.org/2000/svg"
          >
            <path
              d="M400 32H48C21.5 32 0 53.5 0 80v352c0 26.5 21.5 48 48 48h352c26.5 0 48-21.5 48-48V80c0-26.5-21.5-48-48-48z"
              fill="currentColor"
            />
          </svg>
        </a>
      </td>
      <td
        class="align-middle"
        width="99%"
      >
        <span
          class="relayer-list___StyledSpan-sc-1herowu-4 ausiK"
        >
          <a
            class="link__StyledLink-sc-1m1n17q-0 diqghp"
            href="/relayers/ddex"
          >
            DDEX
          </a>
        </span>
        <a
          class="link__StyledLink-sc-1m1n17q-0 link___StyledStyledLink-sc-1m1n17q-1 jcGDtB relayer-list___StyledLink-sc-1herowu-8 efsNUn"
          href="https://ddex.io"
          rel="noreferrer noopener nofollow"
          target="_blank"
        >
          https://ddex.io
        </a>
      </td>
      <td
        class="align-middle text-right"
      >
        <span
          title="256"
        >
          256
        </span>
      </td>
      <td
        class="align-middle text-right"
      >
        <span
          title="$150,456.56"
        >
          $150.46k
        </span>
        <span
          class="percentage-change___StyledSpan-sc-1ocppi1-0 jgmyRa relayer-list___StyledPercentageChange2-sc-1herowu-10 imDPW"
        >
          22.5
          %
          <svg
            aria-hidden="true"
            class="icon-base__IconBase-ngmsqy-0 hvjdWy percentage-change___StyledTrendingUpIcon-sc-1ocppi1-2 dIQmKB"
            color="currentColor"
            fill="currentColor"
            focusable="false"
            height="20"
            viewBox="0 0 24 24"
            width="20"
            xmlns="http://www.w3.org/2000/svg"
          >
            <path
              d="M16 6l2.29 2.29-4.88 4.88-4-4L2 16.59 3.41 18l6-6 4 4 6.3-6.29L22 12V6z"
            />
            <path
              d="M0 0h24v24H0z"
              fill="none"
            />
          </svg>
        </span>
      </td>
      <td
        class="align-middle text-right"
      >
        <span
          title="30"
        >
          30
        </span>
      </td>
      <td />
    </tr>
    <tr>
      <td
        class="align-middle text-center"
      >
        <img
          class="rank___StyledImg2-flivtb-1 fltInR"
          src="test-file-stub"
        />
      </td>
      <td
        class="align-middle"
      >
        <a
          class="link__StyledLink-sc-1m1n17q-0 diqghp"
          href="/relayers/paradex"
        >
          <svg
            aria-hidden="true"
            class="icon-base__IconBase-ngmsqy-0 hvjdWy"
            color="hsl(230, 30%, 84%)"
            fill="currentColor"
            focusable="false"
            height="40"
            viewBox="0 0 448 512"
            width="40"
            xmlns="http://www.w3.org/2000/svg"
          >
            <path
              d="M400 32H48C21.5 32 0 53.5 0 80v352c0 26.5 21.5 48 48 48h352c26.5 0 48-21.5 48-48V80c0-26.5-21.5-48-48-48z"
              fill="currentColor"
            />
          </svg>
        </a>
      </td>
      <td
        class="align-middle"
        width="99%"
      >
        <span
          class="relayer-list___StyledSpan-sc-1herowu-4 ausiK"
        >
          <a
            class="link__StyledLink-sc-1m1n17q-0 diqghp"
            href="/relayers/paradex"
          >
            Paradex
          </a>
        </span>
        <a
          class="link__StyledLink-sc-1m1n17q-0 link___StyledStyledLink-sc-1m1n17q-1 jcGDtB relayer-list___StyledLink-sc-1herowu-8 efsNUn"
          href="https://paradex.io"
          rel="noreferrer noopener nofollow"
          target="_blank"
        >
          https://paradex.io
        </a>
      </td>
      <td
        class="align-middle text-right"
      >
        <span
          title="345"
        >
          345
        </span>
      </td>
      <td
        class="align-middle text-right"
      >
        <span
          title="$124,000"
        >
          $124k
        </span>
        <span
          class="percentage-change___StyledSpan-sc-1ocppi1-0 cnrVcL relayer-list___StyledPercentageChange2-sc-1herowu-10 imDPW"
        >
          -5.2
          %
          <svg
            aria-hidden="true"
            class="icon-base__IconBase-ngmsqy-0 hvjdWy percentage-change___StyledTrendingDownIcon-sc-1ocppi1-3 cKIleD"
            color="currentColor"
            fill="currentColor"
            focusable="false"
            height="20"
            viewBox="0 0 24 24"
            width="20"
            xmlns="http://www.w3.org/2000/svg"
          >
            <path
              d="M16 18l2.29-2.29-4.88-4.88-4 4L2 7.41 3.41 6l6 6 4-4 6.3 6.29L22 12v6z"
            />
            <path
              d="M0 0h24v24H0z"
              fill="none"
            />
          </svg>
        </span>
      </td>
      <td
        class="align-middle text-right"
      >
        <span
          title="123"
        >
          123
        </span>
      </td>
      <td />
    </tr>
    <tr>
      <td
        class="align-middle text-center"
      >
        <img
          class="rank___StyledImg3-flivtb-2 ehkGgv"
          src="test-file-stub"
        />
      </td>
      <td
        class="align-middle"
      >
        <a
          class="link__StyledLink-sc-1m1n17q-0 diqghp"
          href="/relayers/radar-relay"
        >
          <svg
            aria-hidden="true"
            class="icon-base__IconBase-ngmsqy-0 hvjdWy"
            color="hsl(230, 30%, 84%)"
            fill="currentColor"
            focusable="false"
            height="40"
            viewBox="0 0 448 512"
            width="40"
            xmlns="http://www.w3.org/2000/svg"
          >
            <path
              d="M400 32H48C21.5 32 0 53.5 0 80v352c0 26.5 21.5 48 48 48h352c26.5 0 48-21.5 48-48V80c0-26.5-21.5-48-48-48z"
              fill="currentColor"
            />
          </svg>
        </a>
      </td>
      <td
        class="align-middle"
        width="99%"
      >
        <span
          class="relayer-list___StyledSpan-sc-1herowu-4 ausiK"
        >
          <a
            class="link__StyledLink-sc-1m1n17q-0 diqghp"
            href="/relayers/radar-relay"
          >
            Radar Relay
          </a>
        </span>
        <a
          class="link__StyledLink-sc-1m1n17q-0 link___StyledStyledLink-sc-1m1n17q-1 jcGDtB relayer-list___StyledLink-sc-1herowu-8 efsNUn"
          href="https://radarrelay.com"
          rel="noreferrer noopener nofollow"
          target="_blank"
        >
          https://radarrelay.com
        </a>
      </td>
      <td
        class="align-middle text-right"
      >
        <span
          title="512"
        >
          512
        </span>
      </td>
      <td
        class="align-middle text-right"
      >
        <span
          title="$100,000"
        >
          $100k
        </span>
        <span
          class="percentage-change___StyledSpan-sc-1ocppi1-0 jgmyRa relayer-list___StyledPercentageChange2-sc-1herowu-10 imDPW"
        >
          221.3
          %
          <svg
            aria-hidden="true"
            class="icon-base__IconBase-ngmsqy-0 hvjdWy percentage-change___StyledTrendingUpIcon-sc-1ocppi1-2 dIQmKB"
            color="currentColor"
            fill="currentColor"
            focusable="false"
            height="20"
            viewBox="0 0 24 24"
            width="20"
            xmlns="http://www.w3.org/2000/svg"
          >
            <path
              d="M16 6l2.29 2.29-4.88 4.88-4-4L2 16.59 3.41 18l6-6 4 4 6.3-6.29L22 12V6z"
            />
            <path
              d="M0 0h24v24H0z"
              fill="none"
            />
          </svg>
        </span>
      </td>
      <td
        class="align-middle text-right"
      >
        <span
          title="82"
        >
          82
        </span>
      </td>
      <td />
    </tr>
  </tbody>
</table>
`;
