// Jest Snapshot v1, https://goo.gl/fbAQLP

exports[`renders with basic props 1`] = `
<table
  class="table table-responsive"
>
  <thead>
    <tr>
      <th>
        #
      </th>
      <th>
        Name
      </th>
      <th>
        Website
      </th>
      <th
        class="text-right"
      >
        Trades (
        24H
        )
      </th>
      <th
        class="text-right"
      >
        Volume (
        24H
        )
      </th>
    </tr>
  </thead>
  <tbody>
    <tr
      class=""
    >
      <td>
        1
      </td>
      <td
        width="50%"
      >
        <a
          class="link__StyledInternalLink-sc-1m1n17q-1 jZaAPW"
          href="/relayers/ddex"
        >
          DDEX
        </a>
      </td>
      <td
        width="49%"
      >
        <a
          class="link__StyledOutboundLink-sc-1m1n17q-2 jgemoX"
          href="https://ddex.io"
          rel="noopener noreferrer"
          target="_blank"
        >
          https://ddex.io
        </a>
      </td>
      <td
        class="text-right"
      >
        256
      </td>
      <td
        class="text-right"
      >
        $150,456.56
      </td>
    </tr>
    <tr
      class=""
    >
      <td>
        2
      </td>
      <td
        width="50%"
      >
        <a
          class="link__StyledInternalLink-sc-1m1n17q-1 jZaAPW"
          href="/relayers/paradex"
        >
          Paradex
        </a>
      </td>
      <td
        width="49%"
      >
        <a
          class="link__StyledOutboundLink-sc-1m1n17q-2 jgemoX"
          href="https://paradex.io"
          rel="noopener noreferrer"
          target="_blank"
        >
          https://paradex.io
        </a>
      </td>
      <td
        class="text-right"
      >
        345
      </td>
      <td
        class="text-right"
      >
        $124,000.00
      </td>
    </tr>
    <tr
      class=""
    >
      <td>
        3
      </td>
      <td
        width="50%"
      >
        <a
          class="link__StyledInternalLink-sc-1m1n17q-1 jZaAPW"
          href="/relayers/radar-relay"
        >
          Radar Relay
        </a>
      </td>
      <td
        width="49%"
      >
        <a
          class="link__StyledOutboundLink-sc-1m1n17q-2 jgemoX"
          href="https://radarrelay.com"
          rel="noopener noreferrer"
          target="_blank"
        >
          https://radarrelay.com
        </a>
      </td>
      <td
        class="text-right"
      >
        512
      </td>
      <td
        class="text-right"
      >
        $100,000.00
      </td>
    </tr>
    <tr
      class="text-muted"
    >
      <td>
        4
      </td>
      <td
        width="50%"
      >
        <a
          class="link__StyledInternalLink-sc-1m1n17q-1 jZaAPW"
          href="/relayers/sad-relayer"
        >
          Sad Relayer
        </a>
      </td>
      <td
        width="49%"
      >
        <a
          class="link__StyledOutboundLink-sc-1m1n17q-2 jgemoX"
          href="https://google.com"
          rel="noopener noreferrer"
          target="_blank"
        >
          https://google.com
        </a>
      </td>
      <td
        class="text-right"
      >
        -
      </td>
      <td
        class="text-right"
      >
        -
      </td>
    </tr>
  </tbody>
</table>
`;
