// Jest Snapshot v1, https://goo.gl/fbAQLP

exports[`should render with payload 1`] = `
<div
  class="chart-tooltip__ChartTooltipWrapper-sc-1bnoebf-0 bfjmva"
>
  <h1
    class="chart-tooltip__ChartTooltipTitle-sc-1bnoebf-1 jaVyDc"
  >
    Radar Relay
  </h1>
  <dl
    class="sc-bdVaJa hzNPjz"
  >
    <div>
      <dt
        class="chart-tooltip__ChartTooltipItemTitle-sc-1bnoebf-2 lgtHFO"
      >
        market share
        :
      </dt>
      <dd
        class="chart-tooltip__ChartTooltipItemValue-sc-1bnoebf-3 iGJDpP"
      >
        22.5%
      </dd>
    </div>
    <div>
      <dt
        class="chart-tooltip__ChartTooltipItemTitle-sc-1bnoebf-2 lgtHFO"
      >
        total trades
        :
      </dt>
      <dd
        class="chart-tooltip__ChartTooltipItemValue-sc-1bnoebf-3 iGJDpP"
      >
        50
      </dd>
    </div>
    <div>
      <dt
        class="chart-tooltip__ChartTooltipItemTitle-sc-1bnoebf-2 lgtHFO"
      >
        volume (USD)
        :
      </dt>
      <dd
        class="chart-tooltip__ChartTooltipItemValue-sc-1bnoebf-3 iGJDpP"
      >
        <span>
          $540,600.00
        </span>
      </dd>
    </div>
  </dl>
</div>
`;
