// Jest Snapshot v1, https://goo.gl/fbAQLP

exports[`should render a trader link 1`] = `
.c0 {
  color: #3f4ac3;
  cursor: pointer;
}

.c0:hover {
  color: inherit;
  -webkit-text-decoration: none;
  text-decoration: none;
}

<a
  class="c0"
  href="/traders/0xb14232b0204b2f7bb6ba5aff59ef36030f7fe38b"
>
  Hello World
</a>
`;
